
 /----------------------------------------------------------------------------\
 |                                                                            |
 |  yosys -- Yosys Open SYnthesis Suite                                       |
 |                                                                            |
 |  Copyright (C) 2012 - 2020  Claire Xenia Wolf <claire@yosyshq.com>         |
 |                                                                            |
 |  Permission to use, copy, modify, and/or distribute this software for any  |
 |  purpose with or without fee is hereby granted, provided that the above    |
 |  copyright notice and this permission notice appear in all copies.         |
 |                                                                            |
 |  THE SOFTWARE IS PROVIDED "AS IS" AND THE AUTHOR DISCLAIMS ALL WARRANTIES  |
 |  WITH REGARD TO THIS SOFTWARE INCLUDING ALL IMPLIED WARRANTIES OF          |
 |  MERCHANTABILITY AND FITNESS. IN NO EVENT SHALL THE AUTHOR BE LIABLE FOR   |
 |  ANY SPECIAL, DIRECT, INDIRECT, OR CONSEQUENTIAL DAMAGES OR ANY DAMAGES    |
 |  WHATSOEVER RESULTING FROM LOSS OF USE, DATA OR PROFITS, WHETHER IN AN     |
 |  ACTION OF CONTRACT, NEGLIGENCE OR OTHER TORTIOUS ACTION, ARISING OUT OF   |
 |  OR IN CONNECTION WITH THE USE OR PERFORMANCE OF THIS SOFTWARE.            |
 |                                                                            |
 \----------------------------------------------------------------------------/

 Yosys 0.26+1 (git sha1 b1a011138, x86_64-w64-mingw32-g++ 9.2.1 -Os)


-- Running command `read_verilog -sv ../design/top.sv ; synth_gowin -top top -json prueba_botones.json' --

1. Executing Verilog-2005 frontend: ../design/top.sv
Parsing SystemVerilog input from `../design/top.sv' to AST representation.
Generating RTLIL representation for module `\top'.
Successfully finished Verilog frontend.

2. Executing SYNTH_GOWIN pass.

2.1. Executing Verilog-2005 frontend: c:\Users\steph\DOWNLO~1\OSS-CA~1\bin\../share/yosys/gowin/cells_sim.v
Parsing Verilog input from `c:\Users\steph\DOWNLO~1\OSS-CA~1\bin\../share/yosys/gowin/cells_sim.v' to AST representation.
Generating RTLIL representation for module `\LUT1'.
Generating RTLIL representation for module `\LUT2'.
Generating RTLIL representation for module `\LUT3'.
Generating RTLIL representation for module `\LUT4'.
Generating RTLIL representation for module `\__APICULA_LUT5'.
Generating RTLIL representation for module `\__APICULA_LUT6'.
Generating RTLIL representation for module `\__APICULA_LUT7'.
Generating RTLIL representation for module `\__APICULA_LUT8'.
Generating RTLIL representation for module `\MUX2'.
Generating RTLIL representation for module `\MUX2_LUT5'.
Generating RTLIL representation for module `\MUX2_LUT6'.
Generating RTLIL representation for module `\MUX2_LUT7'.
Generating RTLIL representation for module `\MUX2_LUT8'.
Generating RTLIL representation for module `\DFF'.
Generating RTLIL representation for module `\DFFE'.
Generating RTLIL representation for module `\DFFS'.
Generating RTLIL representation for module `\DFFSE'.
Generating RTLIL representation for module `\DFFR'.
Generating RTLIL representation for module `\DFFRE'.
Generating RTLIL representation for module `\DFFP'.
Generating RTLIL representation for module `\DFFPE'.
Generating RTLIL representation for module `\DFFC'.
Generating RTLIL representation for module `\DFFCE'.
Generating RTLIL representation for module `\DFFN'.
Generating RTLIL representation for module `\DFFNE'.
Generating RTLIL representation for module `\DFFNS'.
Generating RTLIL representation for module `\DFFNSE'.
Generating RTLIL representation for module `\DFFNR'.
Generating RTLIL representation for module `\DFFNRE'.
Generating RTLIL representation for module `\DFFNP'.
Generating RTLIL representation for module `\DFFNPE'.
Generating RTLIL representation for module `\DFFNC'.
Generating RTLIL representation for module `\DFFNCE'.
Generating RTLIL representation for module `\VCC'.
Generating RTLIL representation for module `\GND'.
Generating RTLIL representation for module `\IBUF'.
Generating RTLIL representation for module `\OBUF'.
Generating RTLIL representation for module `\TBUF'.
Generating RTLIL representation for module `\IOBUF'.
Generating RTLIL representation for module `\TLVDS_OBUF'.
Generating RTLIL representation for module `\ODDR'.
Generating RTLIL representation for module `\ODDRC'.
Generating RTLIL representation for module `\GSR'.
Generating RTLIL representation for module `\ALU'.
Generating RTLIL representation for module `\RAM16S1'.
Generating RTLIL representation for module `\RAM16S2'.
Generating RTLIL representation for module `\RAM16S4'.
Generating RTLIL representation for module `\RAM16SDP1'.
Generating RTLIL representation for module `\RAM16SDP2'.
Generating RTLIL representation for module `\RAM16SDP4'.
Generating RTLIL representation for module `\SP'.
Generating RTLIL representation for module `\SPX9'.
Generating RTLIL representation for module `\SDP'.
Generating RTLIL representation for module `\SDPX9'.
Generating RTLIL representation for module `\DP'.
Generating RTLIL representation for module `\DPX9'.
Generating RTLIL representation for module `\rPLL'.
Generating RTLIL representation for module `\PLLVR'.
Generating RTLIL representation for module `\OSC'.
Generating RTLIL representation for module `\OSCZ'.
Generating RTLIL representation for module `\OSCF'.
Generating RTLIL representation for module `\OSCH'.
Successfully finished Verilog frontend.

2.2. Executing HIERARCHY pass (managing design hierarchy).

2.2.1. Analyzing design hierarchy..
Top module:  \top

2.2.2. Analyzing design hierarchy..
Top module:  \top
Removed 0 unused modules.

2.3. Executing PROC pass (convert processes to netlists).

2.3.1. Executing PROC_CLEAN pass (remove empty switches from decision trees).
Found and cleaned up 1 empty switch in `\ALU.$proc$c:\Users\steph\DOWNLO~1\OSS-CA~1\bin\../share/yosys/gowin/cells_sim.v:661$393'.
Cleaned up 1 empty switch.

2.3.2. Executing PROC_RMDEAD pass (remove dead branches from decision trees).
Marked 1 switch rules as full_case in process $proc$c:\Users\steph\DOWNLO~1\OSS-CA~1\bin\../share/yosys/gowin/cells_sim.v:535$389 in module DFFNCE.
Marked 1 switch rules as full_case in process $proc$c:\Users\steph\DOWNLO~1\OSS-CA~1\bin\../share/yosys/gowin/cells_sim.v:515$387 in module DFFNC.
Marked 1 switch rules as full_case in process $proc$c:\Users\steph\DOWNLO~1\OSS-CA~1\bin\../share/yosys/gowin/cells_sim.v:496$385 in module DFFNPE.
Marked 1 switch rules as full_case in process $proc$c:\Users\steph\DOWNLO~1\OSS-CA~1\bin\../share/yosys/gowin/cells_sim.v:476$383 in module DFFNP.
Marked 1 switch rules as full_case in process $proc$c:\Users\steph\DOWNLO~1\OSS-CA~1\bin\../share/yosys/gowin/cells_sim.v:457$381 in module DFFNRE.
Marked 1 switch rules as full_case in process $proc$c:\Users\steph\DOWNLO~1\OSS-CA~1\bin\../share/yosys/gowin/cells_sim.v:437$379 in module DFFNR.
Marked 1 switch rules as full_case in process $proc$c:\Users\steph\DOWNLO~1\OSS-CA~1\bin\../share/yosys/gowin/cells_sim.v:418$377 in module DFFNSE.
Marked 1 switch rules as full_case in process $proc$c:\Users\steph\DOWNLO~1\OSS-CA~1\bin\../share/yosys/gowin/cells_sim.v:398$375 in module DFFNS.
Marked 1 switch rules as full_case in process $proc$c:\Users\steph\DOWNLO~1\OSS-CA~1\bin\../share/yosys/gowin/cells_sim.v:348$369 in module DFFCE.
Marked 1 switch rules as full_case in process $proc$c:\Users\steph\DOWNLO~1\OSS-CA~1\bin\../share/yosys/gowin/cells_sim.v:328$367 in module DFFC.
Marked 1 switch rules as full_case in process $proc$c:\Users\steph\DOWNLO~1\OSS-CA~1\bin\../share/yosys/gowin/cells_sim.v:309$365 in module DFFPE.
Marked 1 switch rules as full_case in process $proc$c:\Users\steph\DOWNLO~1\OSS-CA~1\bin\../share/yosys/gowin/cells_sim.v:289$363 in module DFFP.
Marked 1 switch rules as full_case in process $proc$c:\Users\steph\DOWNLO~1\OSS-CA~1\bin\../share/yosys/gowin/cells_sim.v:270$361 in module DFFRE.
Marked 1 switch rules as full_case in process $proc$c:\Users\steph\DOWNLO~1\OSS-CA~1\bin\../share/yosys/gowin/cells_sim.v:250$359 in module DFFR.
Marked 1 switch rules as full_case in process $proc$c:\Users\steph\DOWNLO~1\OSS-CA~1\bin\../share/yosys/gowin/cells_sim.v:231$357 in module DFFSE.
Marked 1 switch rules as full_case in process $proc$c:\Users\steph\DOWNLO~1\OSS-CA~1\bin\../share/yosys/gowin/cells_sim.v:211$355 in module DFFS.
Marked 9 switch rules as full_case in process $proc$../design/top.sv:88$5 in module top.
Marked 1 switch rules as full_case in process $proc$../design/top.sv:53$3 in module top.
Removed a total of 0 dead cases.

2.3.3. Executing PROC_PRUNE pass (remove redundant assignments in processes).
Removed 9 redundant assignments.
Promoted 38 assignments to connections.

2.3.4. Executing PROC_INIT pass (extract init attributes).
Found init rule in `\DFFNCE.$proc$c:\Users\steph\DOWNLO~1\OSS-CA~1\bin\../share/yosys/gowin/cells_sim.v:0$390'.
  Set init value: \Q = 1'0
Found init rule in `\DFFNC.$proc$c:\Users\steph\DOWNLO~1\OSS-CA~1\bin\../share/yosys/gowin/cells_sim.v:0$388'.
  Set init value: \Q = 1'0
Found init rule in `\DFFNPE.$proc$c:\Users\steph\DOWNLO~1\OSS-CA~1\bin\../share/yosys/gowin/cells_sim.v:0$386'.
  Set init value: \Q = 1'1
Found init rule in `\DFFNP.$proc$c:\Users\steph\DOWNLO~1\OSS-CA~1\bin\../share/yosys/gowin/cells_sim.v:0$384'.
  Set init value: \Q = 1'1
Found init rule in `\DFFNRE.$proc$c:\Users\steph\DOWNLO~1\OSS-CA~1\bin\../share/yosys/gowin/cells_sim.v:0$382'.
  Set init value: \Q = 1'0
Found init rule in `\DFFNR.$proc$c:\Users\steph\DOWNLO~1\OSS-CA~1\bin\../share/yosys/gowin/cells_sim.v:0$380'.
  Set init value: \Q = 1'0
Found init rule in `\DFFNSE.$proc$c:\Users\steph\DOWNLO~1\OSS-CA~1\bin\../share/yosys/gowin/cells_sim.v:0$378'.
  Set init value: \Q = 1'1
Found init rule in `\DFFNS.$proc$c:\Users\steph\DOWNLO~1\OSS-CA~1\bin\../share/yosys/gowin/cells_sim.v:0$376'.
  Set init value: \Q = 1'1
Found init rule in `\DFFNE.$proc$c:\Users\steph\DOWNLO~1\OSS-CA~1\bin\../share/yosys/gowin/cells_sim.v:0$374'.
  Set init value: \Q = 1'0
Found init rule in `\DFFN.$proc$c:\Users\steph\DOWNLO~1\OSS-CA~1\bin\../share/yosys/gowin/cells_sim.v:0$372'.
  Set init value: \Q = 1'0
Found init rule in `\DFFCE.$proc$c:\Users\steph\DOWNLO~1\OSS-CA~1\bin\../share/yosys/gowin/cells_sim.v:0$370'.
  Set init value: \Q = 1'0
Found init rule in `\DFFC.$proc$c:\Users\steph\DOWNLO~1\OSS-CA~1\bin\../share/yosys/gowin/cells_sim.v:0$368'.
  Set init value: \Q = 1'0
Found init rule in `\DFFPE.$proc$c:\Users\steph\DOWNLO~1\OSS-CA~1\bin\../share/yosys/gowin/cells_sim.v:0$366'.
  Set init value: \Q = 1'1
Found init rule in `\DFFP.$proc$c:\Users\steph\DOWNLO~1\OSS-CA~1\bin\../share/yosys/gowin/cells_sim.v:0$364'.
  Set init value: \Q = 1'1
Found init rule in `\DFFRE.$proc$c:\Users\steph\DOWNLO~1\OSS-CA~1\bin\../share/yosys/gowin/cells_sim.v:0$362'.
  Set init value: \Q = 1'0
Found init rule in `\DFFR.$proc$c:\Users\steph\DOWNLO~1\OSS-CA~1\bin\../share/yosys/gowin/cells_sim.v:0$360'.
  Set init value: \Q = 1'0
Found init rule in `\DFFSE.$proc$c:\Users\steph\DOWNLO~1\OSS-CA~1\bin\../share/yosys/gowin/cells_sim.v:0$358'.
  Set init value: \Q = 1'1
Found init rule in `\DFFS.$proc$c:\Users\steph\DOWNLO~1\OSS-CA~1\bin\../share/yosys/gowin/cells_sim.v:0$356'.
  Set init value: \Q = 1'1
Found init rule in `\DFFE.$proc$c:\Users\steph\DOWNLO~1\OSS-CA~1\bin\../share/yosys/gowin/cells_sim.v:0$354'.
  Set init value: \Q = 1'0
Found init rule in `\DFF.$proc$c:\Users\steph\DOWNLO~1\OSS-CA~1\bin\../share/yosys/gowin/cells_sim.v:0$352'.
  Set init value: \Q = 1'0
Found init rule in `\top.$proc$../design/top.sv:81$167'.
  Set init value: \confirmado = 1'0
Found init rule in `\top.$proc$../design/top.sv:79$166'.
  Set init value: \dato = 4'0000
Found init rule in `\top.$proc$../design/top.sv:72$165'.
  Set init value: \contador_col4 = 4'0000
Found init rule in `\top.$proc$../design/top.sv:71$164'.
  Set init value: \contador_col3 = 4'0000
Found init rule in `\top.$proc$../design/top.sv:70$163'.
  Set init value: \contador_col2 = 4'0000
Found init rule in `\top.$proc$../design/top.sv:69$162'.
  Set init value: \contador_col1 = 4'0000
Found init rule in `\top.$proc$../design/top.sv:67$161'.
  Set init value: \estado_estable = 4'0000
Found init rule in `\top.$proc$../design/top.sv:47$160'.
  Set init value: \contador_ms = 15'000000000000000
Found init rule in `\top.$proc$../design/top.sv:33$159'.
  Set init value: \columnas_sync2 = 4'0000
Found init rule in `\top.$proc$../design/top.sv:32$158'.
  Set init value: \columnas_sync1 = 4'0000

2.3.5. Executing PROC_ARST pass (detect async resets in processes).
Found async reset \CLEAR in `\DFFNCE.$proc$c:\Users\steph\DOWNLO~1\OSS-CA~1\bin\../share/yosys/gowin/cells_sim.v:535$389'.
Found async reset \CLEAR in `\DFFNC.$proc$c:\Users\steph\DOWNLO~1\OSS-CA~1\bin\../share/yosys/gowin/cells_sim.v:515$387'.
Found async reset \PRESET in `\DFFNPE.$proc$c:\Users\steph\DOWNLO~1\OSS-CA~1\bin\../share/yosys/gowin/cells_sim.v:496$385'.
Found async reset \PRESET in `\DFFNP.$proc$c:\Users\steph\DOWNLO~1\OSS-CA~1\bin\../share/yosys/gowin/cells_sim.v:476$383'.
Found async reset \CLEAR in `\DFFCE.$proc$c:\Users\steph\DOWNLO~1\OSS-CA~1\bin\../share/yosys/gowin/cells_sim.v:348$369'.
Found async reset \CLEAR in `\DFFC.$proc$c:\Users\steph\DOWNLO~1\OSS-CA~1\bin\../share/yosys/gowin/cells_sim.v:328$367'.
Found async reset \PRESET in `\DFFPE.$proc$c:\Users\steph\DOWNLO~1\OSS-CA~1\bin\../share/yosys/gowin/cells_sim.v:309$365'.
Found async reset \PRESET in `\DFFP.$proc$c:\Users\steph\DOWNLO~1\OSS-CA~1\bin\../share/yosys/gowin/cells_sim.v:289$363'.

2.3.6. Executing PROC_ROM pass (convert switches to ROMs).
Converted 0 switches.
<suppressed ~34 debug messages>

2.3.7. Executing PROC_MUX pass (convert decision trees to multiplexers).
Creating decoders for process `\ALU.$proc$c:\Users\steph\DOWNLO~1\OSS-CA~1\bin\../share/yosys/gowin/cells_sim.v:661$393'.
Creating decoders for process `\DFFNCE.$proc$c:\Users\steph\DOWNLO~1\OSS-CA~1\bin\../share/yosys/gowin/cells_sim.v:0$390'.
Creating decoders for process `\DFFNCE.$proc$c:\Users\steph\DOWNLO~1\OSS-CA~1\bin\../share/yosys/gowin/cells_sim.v:535$389'.
     1/1: $0\Q[0:0]
Creating decoders for process `\DFFNC.$proc$c:\Users\steph\DOWNLO~1\OSS-CA~1\bin\../share/yosys/gowin/cells_sim.v:0$388'.
Creating decoders for process `\DFFNC.$proc$c:\Users\steph\DOWNLO~1\OSS-CA~1\bin\../share/yosys/gowin/cells_sim.v:515$387'.
     1/1: $0\Q[0:0]
Creating decoders for process `\DFFNPE.$proc$c:\Users\steph\DOWNLO~1\OSS-CA~1\bin\../share/yosys/gowin/cells_sim.v:0$386'.
Creating decoders for process `\DFFNPE.$proc$c:\Users\steph\DOWNLO~1\OSS-CA~1\bin\../share/yosys/gowin/cells_sim.v:496$385'.
     1/1: $0\Q[0:0]
Creating decoders for process `\DFFNP.$proc$c:\Users\steph\DOWNLO~1\OSS-CA~1\bin\../share/yosys/gowin/cells_sim.v:0$384'.
Creating decoders for process `\DFFNP.$proc$c:\Users\steph\DOWNLO~1\OSS-CA~1\bin\../share/yosys/gowin/cells_sim.v:476$383'.
     1/1: $0\Q[0:0]
Creating decoders for process `\DFFNRE.$proc$c:\Users\steph\DOWNLO~1\OSS-CA~1\bin\../share/yosys/gowin/cells_sim.v:0$382'.
Creating decoders for process `\DFFNRE.$proc$c:\Users\steph\DOWNLO~1\OSS-CA~1\bin\../share/yosys/gowin/cells_sim.v:457$381'.
     1/1: $0\Q[0:0]
Creating decoders for process `\DFFNR.$proc$c:\Users\steph\DOWNLO~1\OSS-CA~1\bin\../share/yosys/gowin/cells_sim.v:0$380'.
Creating decoders for process `\DFFNR.$proc$c:\Users\steph\DOWNLO~1\OSS-CA~1\bin\../share/yosys/gowin/cells_sim.v:437$379'.
     1/1: $0\Q[0:0]
Creating decoders for process `\DFFNSE.$proc$c:\Users\steph\DOWNLO~1\OSS-CA~1\bin\../share/yosys/gowin/cells_sim.v:0$378'.
Creating decoders for process `\DFFNSE.$proc$c:\Users\steph\DOWNLO~1\OSS-CA~1\bin\../share/yosys/gowin/cells_sim.v:418$377'.
     1/1: $0\Q[0:0]
Creating decoders for process `\DFFNS.$proc$c:\Users\steph\DOWNLO~1\OSS-CA~1\bin\../share/yosys/gowin/cells_sim.v:0$376'.
Creating decoders for process `\DFFNS.$proc$c:\Users\steph\DOWNLO~1\OSS-CA~1\bin\../share/yosys/gowin/cells_sim.v:398$375'.
     1/1: $0\Q[0:0]
Creating decoders for process `\DFFNE.$proc$c:\Users\steph\DOWNLO~1\OSS-CA~1\bin\../share/yosys/gowin/cells_sim.v:0$374'.
Creating decoders for process `\DFFNE.$proc$c:\Users\steph\DOWNLO~1\OSS-CA~1\bin\../share/yosys/gowin/cells_sim.v:381$373'.
     1/1: $0\Q[0:0]
Creating decoders for process `\DFFN.$proc$c:\Users\steph\DOWNLO~1\OSS-CA~1\bin\../share/yosys/gowin/cells_sim.v:0$372'.
Creating decoders for process `\DFFN.$proc$c:\Users\steph\DOWNLO~1\OSS-CA~1\bin\../share/yosys/gowin/cells_sim.v:366$371'.
Creating decoders for process `\DFFCE.$proc$c:\Users\steph\DOWNLO~1\OSS-CA~1\bin\../share/yosys/gowin/cells_sim.v:0$370'.
Creating decoders for process `\DFFCE.$proc$c:\Users\steph\DOWNLO~1\OSS-CA~1\bin\../share/yosys/gowin/cells_sim.v:348$369'.
     1/1: $0\Q[0:0]
Creating decoders for process `\DFFC.$proc$c:\Users\steph\DOWNLO~1\OSS-CA~1\bin\../share/yosys/gowin/cells_sim.v:0$368'.
Creating decoders for process `\DFFC.$proc$c:\Users\steph\DOWNLO~1\OSS-CA~1\bin\../share/yosys/gowin/cells_sim.v:328$367'.
     1/1: $0\Q[0:0]
Creating decoders for process `\DFFPE.$proc$c:\Users\steph\DOWNLO~1\OSS-CA~1\bin\../share/yosys/gowin/cells_sim.v:0$366'.
Creating decoders for process `\DFFPE.$proc$c:\Users\steph\DOWNLO~1\OSS-CA~1\bin\../share/yosys/gowin/cells_sim.v:309$365'.
     1/1: $0\Q[0:0]
Creating decoders for process `\DFFP.$proc$c:\Users\steph\DOWNLO~1\OSS-CA~1\bin\../share/yosys/gowin/cells_sim.v:0$364'.
Creating decoders for process `\DFFP.$proc$c:\Users\steph\DOWNLO~1\OSS-CA~1\bin\../share/yosys/gowin/cells_sim.v:289$363'.
     1/1: $0\Q[0:0]
Creating decoders for process `\DFFRE.$proc$c:\Users\steph\DOWNLO~1\OSS-CA~1\bin\../share/yosys/gowin/cells_sim.v:0$362'.
Creating decoders for process `\DFFRE.$proc$c:\Users\steph\DOWNLO~1\OSS-CA~1\bin\../share/yosys/gowin/cells_sim.v:270$361'.
     1/1: $0\Q[0:0]
Creating decoders for process `\DFFR.$proc$c:\Users\steph\DOWNLO~1\OSS-CA~1\bin\../share/yosys/gowin/cells_sim.v:0$360'.
Creating decoders for process `\DFFR.$proc$c:\Users\steph\DOWNLO~1\OSS-CA~1\bin\../share/yosys/gowin/cells_sim.v:250$359'.
     1/1: $0\Q[0:0]
Creating decoders for process `\DFFSE.$proc$c:\Users\steph\DOWNLO~1\OSS-CA~1\bin\../share/yosys/gowin/cells_sim.v:0$358'.
Creating decoders for process `\DFFSE.$proc$c:\Users\steph\DOWNLO~1\OSS-CA~1\bin\../share/yosys/gowin/cells_sim.v:231$357'.
     1/1: $0\Q[0:0]
Creating decoders for process `\DFFS.$proc$c:\Users\steph\DOWNLO~1\OSS-CA~1\bin\../share/yosys/gowin/cells_sim.v:0$356'.
Creating decoders for process `\DFFS.$proc$c:\Users\steph\DOWNLO~1\OSS-CA~1\bin\../share/yosys/gowin/cells_sim.v:211$355'.
     1/1: $0\Q[0:0]
Creating decoders for process `\DFFE.$proc$c:\Users\steph\DOWNLO~1\OSS-CA~1\bin\../share/yosys/gowin/cells_sim.v:0$354'.
Creating decoders for process `\DFFE.$proc$c:\Users\steph\DOWNLO~1\OSS-CA~1\bin\../share/yosys/gowin/cells_sim.v:194$353'.
     1/1: $0\Q[0:0]
Creating decoders for process `\DFF.$proc$c:\Users\steph\DOWNLO~1\OSS-CA~1\bin\../share/yosys/gowin/cells_sim.v:0$352'.
Creating decoders for process `\DFF.$proc$c:\Users\steph\DOWNLO~1\OSS-CA~1\bin\../share/yosys/gowin/cells_sim.v:179$351'.
Creating decoders for process `\top.$proc$../design/top.sv:81$167'.
Creating decoders for process `\top.$proc$../design/top.sv:79$166'.
Creating decoders for process `\top.$proc$../design/top.sv:72$165'.
Creating decoders for process `\top.$proc$../design/top.sv:71$164'.
Creating decoders for process `\top.$proc$../design/top.sv:70$163'.
Creating decoders for process `\top.$proc$../design/top.sv:69$162'.
Creating decoders for process `\top.$proc$../design/top.sv:67$161'.
Creating decoders for process `\top.$proc$../design/top.sv:47$160'.
Creating decoders for process `\top.$proc$../design/top.sv:33$159'.
Creating decoders for process `\top.$proc$../design/top.sv:32$158'.
Creating decoders for process `\top.$proc$../design/top.sv:88$5'.
     1/13: $0\dato[3:0] [1]
     2/13: $0\dato[3:0] [0]
     3/13: $0\estado_estable[3:0] [2]
     4/13: $0\estado_estable[3:0] [3]
     5/13: $0\estado_estable[3:0] [1]
     6/13: $0\dato[3:0] [2]
     7/13: $0\estado_estable[3:0] [0]
     8/13: $0\dato[3:0] [3]
     9/13: $0\contador_col4[3:0]
    10/13: $0\contador_col3[3:0]
    11/13: $0\contador_col2[3:0]
    12/13: $0\contador_col1[3:0]
    13/13: $0\confirmado[0:0]
Creating decoders for process `\top.$proc$../design/top.sv:53$3'.
     1/1: $0\contador_ms[14:0]
Creating decoders for process `\top.$proc$../design/top.sv:35$1'.

2.3.8. Executing PROC_DLATCH pass (convert process syncs to latches).

2.3.9. Executing PROC_DFF pass (convert process syncs to FFs).
Creating register for signal `\ALU.\C' using process `\ALU.$proc$c:\Users\steph\DOWNLO~1\OSS-CA~1\bin\../share/yosys/gowin/cells_sim.v:661$393'.
  created direct connection (no actual register cell created).
Creating register for signal `\ALU.\S' using process `\ALU.$proc$c:\Users\steph\DOWNLO~1\OSS-CA~1\bin\../share/yosys/gowin/cells_sim.v:661$393'.
  created direct connection (no actual register cell created).
Creating register for signal `\DFFNCE.\Q' using process `\DFFNCE.$proc$c:\Users\steph\DOWNLO~1\OSS-CA~1\bin\../share/yosys/gowin/cells_sim.v:535$389'.
  created $adff cell `$procdff$629' with negative edge clock and positive level reset.
Creating register for signal `\DFFNC.\Q' using process `\DFFNC.$proc$c:\Users\steph\DOWNLO~1\OSS-CA~1\bin\../share/yosys/gowin/cells_sim.v:515$387'.
  created $adff cell `$procdff$630' with negative edge clock and positive level reset.
Creating register for signal `\DFFNPE.\Q' using process `\DFFNPE.$proc$c:\Users\steph\DOWNLO~1\OSS-CA~1\bin\../share/yosys/gowin/cells_sim.v:496$385'.
  created $adff cell `$procdff$631' with negative edge clock and positive level reset.
Creating register for signal `\DFFNP.\Q' using process `\DFFNP.$proc$c:\Users\steph\DOWNLO~1\OSS-CA~1\bin\../share/yosys/gowin/cells_sim.v:476$383'.
  created $adff cell `$procdff$632' with negative edge clock and positive level reset.
Creating register for signal `\DFFNRE.\Q' using process `\DFFNRE.$proc$c:\Users\steph\DOWNLO~1\OSS-CA~1\bin\../share/yosys/gowin/cells_sim.v:457$381'.
  created $dff cell `$procdff$633' with negative edge clock.
Creating register for signal `\DFFNR.\Q' using process `\DFFNR.$proc$c:\Users\steph\DOWNLO~1\OSS-CA~1\bin\../share/yosys/gowin/cells_sim.v:437$379'.
  created $dff cell `$procdff$634' with negative edge clock.
Creating register for signal `\DFFNSE.\Q' using process `\DFFNSE.$proc$c:\Users\steph\DOWNLO~1\OSS-CA~1\bin\../share/yosys/gowin/cells_sim.v:418$377'.
  created $dff cell `$procdff$635' with negative edge clock.
Creating register for signal `\DFFNS.\Q' using process `\DFFNS.$proc$c:\Users\steph\DOWNLO~1\OSS-CA~1\bin\../share/yosys/gowin/cells_sim.v:398$375'.
  created $dff cell `$procdff$636' with negative edge clock.
Creating register for signal `\DFFNE.\Q' using process `\DFFNE.$proc$c:\Users\steph\DOWNLO~1\OSS-CA~1\bin\../share/yosys/gowin/cells_sim.v:381$373'.
  created $dff cell `$procdff$637' with negative edge clock.
Creating register for signal `\DFFN.\Q' using process `\DFFN.$proc$c:\Users\steph\DOWNLO~1\OSS-CA~1\bin\../share/yosys/gowin/cells_sim.v:366$371'.
  created $dff cell `$procdff$638' with negative edge clock.
Creating register for signal `\DFFCE.\Q' using process `\DFFCE.$proc$c:\Users\steph\DOWNLO~1\OSS-CA~1\bin\../share/yosys/gowin/cells_sim.v:348$369'.
  created $adff cell `$procdff$639' with positive edge clock and positive level reset.
Creating register for signal `\DFFC.\Q' using process `\DFFC.$proc$c:\Users\steph\DOWNLO~1\OSS-CA~1\bin\../share/yosys/gowin/cells_sim.v:328$367'.
  created $adff cell `$procdff$640' with positive edge clock and positive level reset.
Creating register for signal `\DFFPE.\Q' using process `\DFFPE.$proc$c:\Users\steph\DOWNLO~1\OSS-CA~1\bin\../share/yosys/gowin/cells_sim.v:309$365'.
  created $adff cell `$procdff$641' with positive edge clock and positive level reset.
Creating register for signal `\DFFP.\Q' using process `\DFFP.$proc$c:\Users\steph\DOWNLO~1\OSS-CA~1\bin\../share/yosys/gowin/cells_sim.v:289$363'.
  created $adff cell `$procdff$642' with positive edge clock and positive level reset.
Creating register for signal `\DFFRE.\Q' using process `\DFFRE.$proc$c:\Users\steph\DOWNLO~1\OSS-CA~1\bin\../share/yosys/gowin/cells_sim.v:270$361'.
  created $dff cell `$procdff$643' with positive edge clock.
Creating register for signal `\DFFR.\Q' using process `\DFFR.$proc$c:\Users\steph\DOWNLO~1\OSS-CA~1\bin\../share/yosys/gowin/cells_sim.v:250$359'.
  created $dff cell `$procdff$644' with positive edge clock.
Creating register for signal `\DFFSE.\Q' using process `\DFFSE.$proc$c:\Users\steph\DOWNLO~1\OSS-CA~1\bin\../share/yosys/gowin/cells_sim.v:231$357'.
  created $dff cell `$procdff$645' with positive edge clock.
Creating register for signal `\DFFS.\Q' using process `\DFFS.$proc$c:\Users\steph\DOWNLO~1\OSS-CA~1\bin\../share/yosys/gowin/cells_sim.v:211$355'.
  created $dff cell `$procdff$646' with positive edge clock.
Creating register for signal `\DFFE.\Q' using process `\DFFE.$proc$c:\Users\steph\DOWNLO~1\OSS-CA~1\bin\../share/yosys/gowin/cells_sim.v:194$353'.
  created $dff cell `$procdff$647' with positive edge clock.
Creating register for signal `\DFF.\Q' using process `\DFF.$proc$c:\Users\steph\DOWNLO~1\OSS-CA~1\bin\../share/yosys/gowin/cells_sim.v:179$351'.
  created $dff cell `$procdff$648' with positive edge clock.
Creating register for signal `\top.\estado_estable' using process `\top.$proc$../design/top.sv:88$5'.
  created $dff cell `$procdff$649' with positive edge clock.
Creating register for signal `\top.\contador_col1' using process `\top.$proc$../design/top.sv:88$5'.
  created $dff cell `$procdff$650' with positive edge clock.
Creating register for signal `\top.\contador_col2' using process `\top.$proc$../design/top.sv:88$5'.
  created $dff cell `$procdff$651' with positive edge clock.
Creating register for signal `\top.\contador_col3' using process `\top.$proc$../design/top.sv:88$5'.
  created $dff cell `$procdff$652' with positive edge clock.
Creating register for signal `\top.\contador_col4' using process `\top.$proc$../design/top.sv:88$5'.
  created $dff cell `$procdff$653' with positive edge clock.
Creating register for signal `\top.\dato' using process `\top.$proc$../design/top.sv:88$5'.
  created $dff cell `$procdff$654' with positive edge clock.
Creating register for signal `\top.\confirmado' using process `\top.$proc$../design/top.sv:88$5'.
  created $dff cell `$procdff$655' with positive edge clock.
Creating register for signal `\top.\contador_ms' using process `\top.$proc$../design/top.sv:53$3'.
  created $dff cell `$procdff$656' with positive edge clock.
Creating register for signal `\top.\columnas_sync1' using process `\top.$proc$../design/top.sv:35$1'.
  created $dff cell `$procdff$657' with positive edge clock.
Creating register for signal `\top.\columnas_sync2' using process `\top.$proc$../design/top.sv:35$1'.
  created $dff cell `$procdff$658' with positive edge clock.

2.3.10. Executing PROC_MEMWR pass (convert process memory writes to cells).

2.3.11. Executing PROC_CLEAN pass (remove empty switches from decision trees).
Removing empty process `ALU.$proc$c:\Users\steph\DOWNLO~1\OSS-CA~1\bin\../share/yosys/gowin/cells_sim.v:661$393'.
Removing empty process `DFFNCE.$proc$c:\Users\steph\DOWNLO~1\OSS-CA~1\bin\../share/yosys/gowin/cells_sim.v:0$390'.
Found and cleaned up 1 empty switch in `\DFFNCE.$proc$c:\Users\steph\DOWNLO~1\OSS-CA~1\bin\../share/yosys/gowin/cells_sim.v:535$389'.
Removing empty process `DFFNCE.$proc$c:\Users\steph\DOWNLO~1\OSS-CA~1\bin\../share/yosys/gowin/cells_sim.v:535$389'.
Removing empty process `DFFNC.$proc$c:\Users\steph\DOWNLO~1\OSS-CA~1\bin\../share/yosys/gowin/cells_sim.v:0$388'.
Removing empty process `DFFNC.$proc$c:\Users\steph\DOWNLO~1\OSS-CA~1\bin\../share/yosys/gowin/cells_sim.v:515$387'.
Removing empty process `DFFNPE.$proc$c:\Users\steph\DOWNLO~1\OSS-CA~1\bin\../share/yosys/gowin/cells_sim.v:0$386'.
Found and cleaned up 1 empty switch in `\DFFNPE.$proc$c:\Users\steph\DOWNLO~1\OSS-CA~1\bin\../share/yosys/gowin/cells_sim.v:496$385'.
Removing empty process `DFFNPE.$proc$c:\Users\steph\DOWNLO~1\OSS-CA~1\bin\../share/yosys/gowin/cells_sim.v:496$385'.
Removing empty process `DFFNP.$proc$c:\Users\steph\DOWNLO~1\OSS-CA~1\bin\../share/yosys/gowin/cells_sim.v:0$384'.
Removing empty process `DFFNP.$proc$c:\Users\steph\DOWNLO~1\OSS-CA~1\bin\../share/yosys/gowin/cells_sim.v:476$383'.
Removing empty process `DFFNRE.$proc$c:\Users\steph\DOWNLO~1\OSS-CA~1\bin\../share/yosys/gowin/cells_sim.v:0$382'.
Found and cleaned up 2 empty switches in `\DFFNRE.$proc$c:\Users\steph\DOWNLO~1\OSS-CA~1\bin\../share/yosys/gowin/cells_sim.v:457$381'.
Removing empty process `DFFNRE.$proc$c:\Users\steph\DOWNLO~1\OSS-CA~1\bin\../share/yosys/gowin/cells_sim.v:457$381'.
Removing empty process `DFFNR.$proc$c:\Users\steph\DOWNLO~1\OSS-CA~1\bin\../share/yosys/gowin/cells_sim.v:0$380'.
Found and cleaned up 1 empty switch in `\DFFNR.$proc$c:\Users\steph\DOWNLO~1\OSS-CA~1\bin\../share/yosys/gowin/cells_sim.v:437$379'.
Removing empty process `DFFNR.$proc$c:\Users\steph\DOWNLO~1\OSS-CA~1\bin\../share/yosys/gowin/cells_sim.v:437$379'.
Removing empty process `DFFNSE.$proc$c:\Users\steph\DOWNLO~1\OSS-CA~1\bin\../share/yosys/gowin/cells_sim.v:0$378'.
Found and cleaned up 2 empty switches in `\DFFNSE.$proc$c:\Users\steph\DOWNLO~1\OSS-CA~1\bin\../share/yosys/gowin/cells_sim.v:418$377'.
Removing empty process `DFFNSE.$proc$c:\Users\steph\DOWNLO~1\OSS-CA~1\bin\../share/yosys/gowin/cells_sim.v:418$377'.
Removing empty process `DFFNS.$proc$c:\Users\steph\DOWNLO~1\OSS-CA~1\bin\../share/yosys/gowin/cells_sim.v:0$376'.
Found and cleaned up 1 empty switch in `\DFFNS.$proc$c:\Users\steph\DOWNLO~1\OSS-CA~1\bin\../share/yosys/gowin/cells_sim.v:398$375'.
Removing empty process `DFFNS.$proc$c:\Users\steph\DOWNLO~1\OSS-CA~1\bin\../share/yosys/gowin/cells_sim.v:398$375'.
Removing empty process `DFFNE.$proc$c:\Users\steph\DOWNLO~1\OSS-CA~1\bin\../share/yosys/gowin/cells_sim.v:0$374'.
Found and cleaned up 1 empty switch in `\DFFNE.$proc$c:\Users\steph\DOWNLO~1\OSS-CA~1\bin\../share/yosys/gowin/cells_sim.v:381$373'.
Removing empty process `DFFNE.$proc$c:\Users\steph\DOWNLO~1\OSS-CA~1\bin\../share/yosys/gowin/cells_sim.v:381$373'.
Removing empty process `DFFN.$proc$c:\Users\steph\DOWNLO~1\OSS-CA~1\bin\../share/yosys/gowin/cells_sim.v:0$372'.
Removing empty process `DFFN.$proc$c:\Users\steph\DOWNLO~1\OSS-CA~1\bin\../share/yosys/gowin/cells_sim.v:366$371'.
Removing empty process `DFFCE.$proc$c:\Users\steph\DOWNLO~1\OSS-CA~1\bin\../share/yosys/gowin/cells_sim.v:0$370'.
Found and cleaned up 1 empty switch in `\DFFCE.$proc$c:\Users\steph\DOWNLO~1\OSS-CA~1\bin\../share/yosys/gowin/cells_sim.v:348$369'.
Removing empty process `DFFCE.$proc$c:\Users\steph\DOWNLO~1\OSS-CA~1\bin\../share/yosys/gowin/cells_sim.v:348$369'.
Removing empty process `DFFC.$proc$c:\Users\steph\DOWNLO~1\OSS-CA~1\bin\../share/yosys/gowin/cells_sim.v:0$368'.
Removing empty process `DFFC.$proc$c:\Users\steph\DOWNLO~1\OSS-CA~1\bin\../share/yosys/gowin/cells_sim.v:328$367'.
Removing empty process `DFFPE.$proc$c:\Users\steph\DOWNLO~1\OSS-CA~1\bin\../share/yosys/gowin/cells_sim.v:0$366'.
Found and cleaned up 1 empty switch in `\DFFPE.$proc$c:\Users\steph\DOWNLO~1\OSS-CA~1\bin\../share/yosys/gowin/cells_sim.v:309$365'.
Removing empty process `DFFPE.$proc$c:\Users\steph\DOWNLO~1\OSS-CA~1\bin\../share/yosys/gowin/cells_sim.v:309$365'.
Removing empty process `DFFP.$proc$c:\Users\steph\DOWNLO~1\OSS-CA~1\bin\../share/yosys/gowin/cells_sim.v:0$364'.
Removing empty process `DFFP.$proc$c:\Users\steph\DOWNLO~1\OSS-CA~1\bin\../share/yosys/gowin/cells_sim.v:289$363'.
Removing empty process `DFFRE.$proc$c:\Users\steph\DOWNLO~1\OSS-CA~1\bin\../share/yosys/gowin/cells_sim.v:0$362'.
Found and cleaned up 2 empty switches in `\DFFRE.$proc$c:\Users\steph\DOWNLO~1\OSS-CA~1\bin\../share/yosys/gowin/cells_sim.v:270$361'.
Removing empty process `DFFRE.$proc$c:\Users\steph\DOWNLO~1\OSS-CA~1\bin\../share/yosys/gowin/cells_sim.v:270$361'.
Removing empty process `DFFR.$proc$c:\Users\steph\DOWNLO~1\OSS-CA~1\bin\../share/yosys/gowin/cells_sim.v:0$360'.
Found and cleaned up 1 empty switch in `\DFFR.$proc$c:\Users\steph\DOWNLO~1\OSS-CA~1\bin\../share/yosys/gowin/cells_sim.v:250$359'.
Removing empty process `DFFR.$proc$c:\Users\steph\DOWNLO~1\OSS-CA~1\bin\../share/yosys/gowin/cells_sim.v:250$359'.
Removing empty process `DFFSE.$proc$c:\Users\steph\DOWNLO~1\OSS-CA~1\bin\../share/yosys/gowin/cells_sim.v:0$358'.
Found and cleaned up 2 empty switches in `\DFFSE.$proc$c:\Users\steph\DOWNLO~1\OSS-CA~1\bin\../share/yosys/gowin/cells_sim.v:231$357'.
Removing empty process `DFFSE.$proc$c:\Users\steph\DOWNLO~1\OSS-CA~1\bin\../share/yosys/gowin/cells_sim.v:231$357'.
Removing empty process `DFFS.$proc$c:\Users\steph\DOWNLO~1\OSS-CA~1\bin\../share/yosys/gowin/cells_sim.v:0$356'.
Found and cleaned up 1 empty switch in `\DFFS.$proc$c:\Users\steph\DOWNLO~1\OSS-CA~1\bin\../share/yosys/gowin/cells_sim.v:211$355'.
Removing empty process `DFFS.$proc$c:\Users\steph\DOWNLO~1\OSS-CA~1\bin\../share/yosys/gowin/cells_sim.v:211$355'.
Removing empty process `DFFE.$proc$c:\Users\steph\DOWNLO~1\OSS-CA~1\bin\../share/yosys/gowin/cells_sim.v:0$354'.
Found and cleaned up 1 empty switch in `\DFFE.$proc$c:\Users\steph\DOWNLO~1\OSS-CA~1\bin\../share/yosys/gowin/cells_sim.v:194$353'.
Removing empty process `DFFE.$proc$c:\Users\steph\DOWNLO~1\OSS-CA~1\bin\../share/yosys/gowin/cells_sim.v:194$353'.
Removing empty process `DFF.$proc$c:\Users\steph\DOWNLO~1\OSS-CA~1\bin\../share/yosys/gowin/cells_sim.v:0$352'.
Removing empty process `DFF.$proc$c:\Users\steph\DOWNLO~1\OSS-CA~1\bin\../share/yosys/gowin/cells_sim.v:179$351'.
Removing empty process `top.$proc$../design/top.sv:81$167'.
Removing empty process `top.$proc$../design/top.sv:79$166'.
Removing empty process `top.$proc$../design/top.sv:72$165'.
Removing empty process `top.$proc$../design/top.sv:71$164'.
Removing empty process `top.$proc$../design/top.sv:70$163'.
Removing empty process `top.$proc$../design/top.sv:69$162'.
Removing empty process `top.$proc$../design/top.sv:67$161'.
Removing empty process `top.$proc$../design/top.sv:47$160'.
Removing empty process `top.$proc$../design/top.sv:33$159'.
Removing empty process `top.$proc$../design/top.sv:32$158'.
Found and cleaned up 15 empty switches in `\top.$proc$../design/top.sv:88$5'.
Removing empty process `top.$proc$../design/top.sv:88$5'.
Found and cleaned up 1 empty switch in `\top.$proc$../design/top.sv:53$3'.
Removing empty process `top.$proc$../design/top.sv:53$3'.
Removing empty process `top.$proc$../design/top.sv:35$1'.
Cleaned up 34 empty switches.

2.3.12. Executing OPT_EXPR pass (perform const folding).
Optimizing module top.
<suppressed ~24 debug messages>

2.4. Executing FLATTEN pass (flatten design).

2.5. Executing TRIBUF pass.

2.6. Executing DEMINOUT pass (demote inout ports to input or output).

2.7. Executing SYNTH pass.

2.7.1. Executing PROC pass (convert processes to netlists).

2.7.1.1. Executing PROC_CLEAN pass (remove empty switches from decision trees).
Cleaned up 0 empty switches.

2.7.1.2. Executing PROC_RMDEAD pass (remove dead branches from decision trees).
Removed a total of 0 dead cases.

2.7.1.3. Executing PROC_PRUNE pass (remove redundant assignments in processes).
Removed 0 redundant assignments.
Promoted 0 assignments to connections.

2.7.1.4. Executing PROC_INIT pass (extract init attributes).

2.7.1.5. Executing PROC_ARST pass (detect async resets in processes).

2.7.1.6. Executing PROC_ROM pass (convert switches to ROMs).
Converted 0 switches.

2.7.1.7. Executing PROC_MUX pass (convert decision trees to multiplexers).

2.7.1.8. Executing PROC_DLATCH pass (convert process syncs to latches).

2.7.1.9. Executing PROC_DFF pass (convert process syncs to FFs).

2.7.1.10. Executing PROC_MEMWR pass (convert process memory writes to cells).

2.7.1.11. Executing PROC_CLEAN pass (remove empty switches from decision trees).
Cleaned up 0 empty switches.

2.7.1.12. Executing OPT_EXPR pass (perform const folding).
Optimizing module top.

2.7.2. Executing OPT_EXPR pass (perform const folding).
Optimizing module top.

2.7.3. Executing OPT_CLEAN pass (remove unused cells and wires).
Finding unused cells or wires in module \top..
Removed 2 unused cells and 100 unused wires.
<suppressed ~3 debug messages>

2.7.4. Executing CHECK pass (checking for obvious problems).
Checking module top...
Found and reported 0 problems.

2.7.5. Executing OPT pass (performing simple optimizations).

2.7.5.1. Executing OPT_EXPR pass (perform const folding).
Optimizing module top.

2.7.5.2. Executing OPT_MERGE pass (detect identical cells).
Finding identical cells in module `\top'.
<suppressed ~201 debug messages>
Removed a total of 67 cells.

2.7.5.3. Executing OPT_MUXTREE pass (detect dead branches in mux trees).
Running muxtree optimizer on module \top..
  Creating internal representation of mux trees.
  Evaluating internal representation of mux trees.
  Analyzing evaluation results.
Removed 0 multiplexer ports.
<suppressed ~14 debug messages>

2.7.5.4. Executing OPT_REDUCE pass (consolidate $*mux and $reduce_* inputs).
  Optimizing cells in module \top.
Performed a total of 0 changes.

2.7.5.5. Executing OPT_MERGE pass (detect identical cells).
Finding identical cells in module `\top'.
Removed a total of 0 cells.

2.7.5.6. Executing OPT_DFF pass (perform DFF optimizations).

2.7.5.7. Executing OPT_CLEAN pass (remove unused cells and wires).
Finding unused cells or wires in module \top..
Removed 0 unused cells and 67 unused wires.
<suppressed ~1 debug messages>

2.7.5.8. Executing OPT_EXPR pass (perform const folding).
Optimizing module top.

2.7.5.9. Rerunning OPT passes. (Maybe there is more to do..)

2.7.5.10. Executing OPT_MUXTREE pass (detect dead branches in mux trees).
Running muxtree optimizer on module \top..
  Creating internal representation of mux trees.
  Evaluating internal representation of mux trees.
  Analyzing evaluation results.
Removed 0 multiplexer ports.
<suppressed ~14 debug messages>

2.7.5.11. Executing OPT_REDUCE pass (consolidate $*mux and $reduce_* inputs).
  Optimizing cells in module \top.
Performed a total of 0 changes.

2.7.5.12. Executing OPT_MERGE pass (detect identical cells).
Finding identical cells in module `\top'.
Removed a total of 0 cells.

2.7.5.13. Executing OPT_DFF pass (perform DFF optimizations).

2.7.5.14. Executing OPT_CLEAN pass (remove unused cells and wires).
Finding unused cells or wires in module \top..

2.7.5.15. Executing OPT_EXPR pass (perform const folding).
Optimizing module top.

2.7.5.16. Finished OPT passes. (There is nothing left to do.)

2.7.6. Executing FSM pass (extract and optimize FSM).

2.7.6.1. Executing FSM_DETECT pass (finding FSMs in design).

2.7.6.2. Executing FSM_EXTRACT pass (extracting FSM from design).

2.7.6.3. Executing FSM_OPT pass (simple optimizations of FSMs).

2.7.6.4. Executing OPT_CLEAN pass (remove unused cells and wires).
Finding unused cells or wires in module \top..

2.7.6.5. Executing FSM_OPT pass (simple optimizations of FSMs).

2.7.6.6. Executing FSM_RECODE pass (re-assigning FSM state encoding).

2.7.6.7. Executing FSM_INFO pass (dumping all available information on FSM cells).

2.7.6.8. Executing FSM_MAP pass (mapping FSMs to basic logic).

2.7.7. Executing OPT pass (performing simple optimizations).

2.7.7.1. Executing OPT_EXPR pass (perform const folding).
Optimizing module top.

2.7.7.2. Executing OPT_MERGE pass (detect identical cells).
Finding identical cells in module `\top'.
Removed a total of 0 cells.

2.7.7.3. Executing OPT_MUXTREE pass (detect dead branches in mux trees).
Running muxtree optimizer on module \top..
  Creating internal representation of mux trees.
  Evaluating internal representation of mux trees.
  Analyzing evaluation results.
Removed 0 multiplexer ports.
<suppressed ~14 debug messages>

2.7.7.4. Executing OPT_REDUCE pass (consolidate $*mux and $reduce_* inputs).
  Optimizing cells in module \top.
Performed a total of 0 changes.

2.7.7.5. Executing OPT_MERGE pass (detect identical cells).
Finding identical cells in module `\top'.
Removed a total of 0 cells.

2.7.7.6. Executing OPT_DFF pass (perform DFF optimizations).
Adding SRST signal on $procdff$656 ($dff) from module top (D = $add$../design/top.sv:58$4_Y, Q = \contador_ms, rval = 15'000000000000000).
Adding SRST signal on $procdff$655 ($dff) from module top (D = $procmux$621_Y, Q = \confirmado, rval = 1'0).
Adding EN signal on $auto$ff.cc:266:slice$660 ($sdff) from module top (D = 1'1, Q = \confirmado).
Adding SRST signal on $procdff$654 ($dff) from module top (D = { $procmux$572_Y $procmux$548_Y $procmux$489_Y $procmux$502_Y }, Q = \dato, rval = 4'0000).
Adding EN signal on $auto$ff.cc:266:slice$662 ($sdff) from module top (D = \led [0], Q = \dato [3]).
Adding EN signal on $auto$ff.cc:266:slice$662 ($sdff) from module top (D = \led [1], Q = \dato [2]).
Adding EN signal on $auto$ff.cc:266:slice$662 ($sdff) from module top (D = \led [2], Q = \dato [1]).
Adding EN signal on $auto$ff.cc:266:slice$662 ($sdff) from module top (D = \led [3], Q = \dato [0]).
Adding SRST signal on $procdff$653 ($dff) from module top (D = $procmux$583_Y, Q = \contador_col4, rval = 4'0000).
Adding EN signal on $auto$ff.cc:266:slice$683 ($sdff) from module top (D = $procmux$581_Y, Q = \contador_col4).
Adding SRST signal on $procdff$652 ($dff) from module top (D = $procmux$594_Y, Q = \contador_col3, rval = 4'0000).
Adding EN signal on $auto$ff.cc:266:slice$685 ($sdff) from module top (D = $procmux$592_Y, Q = \contador_col3).
Adding SRST signal on $procdff$651 ($dff) from module top (D = $procmux$605_Y, Q = \contador_col2, rval = 4'0000).
Adding EN signal on $auto$ff.cc:266:slice$687 ($sdff) from module top (D = $procmux$603_Y, Q = \contador_col2).
Adding SRST signal on $procdff$650 ($dff) from module top (D = $procmux$616_Y, Q = \contador_col1, rval = 4'0000).
Adding EN signal on $auto$ff.cc:266:slice$689 ($sdff) from module top (D = $procmux$614_Y, Q = \contador_col1).
Adding SRST signal on $procdff$649 ($dff) from module top (D = { $procmux$524_Y $procmux$513_Y $procmux$535_Y $procmux$559_Y }, Q = \estado_estable, rval = 4'0000).
Adding EN signal on $auto$ff.cc:266:slice$691 ($sdff) from module top (D = \columnas_sync2 [0], Q = \estado_estable [0]).
Adding EN signal on $auto$ff.cc:266:slice$691 ($sdff) from module top (D = \columnas_sync2 [1], Q = \estado_estable [1]).
Adding EN signal on $auto$ff.cc:266:slice$691 ($sdff) from module top (D = \columnas_sync2 [2], Q = \estado_estable [2]).
Adding EN signal on $auto$ff.cc:266:slice$691 ($sdff) from module top (D = \columnas_sync2 [3], Q = \estado_estable [3]).

2.7.7.7. Executing OPT_CLEAN pass (remove unused cells and wires).
Finding unused cells or wires in module \top..
Removed 47 unused cells and 41 unused wires.
<suppressed ~48 debug messages>

2.7.7.8. Executing OPT_EXPR pass (perform const folding).
Optimizing module top.

2.7.7.9. Rerunning OPT passes. (Maybe there is more to do..)

2.7.7.10. Executing OPT_MUXTREE pass (detect dead branches in mux trees).
Running muxtree optimizer on module \top..
  Creating internal representation of mux trees.
  Evaluating internal representation of mux trees.
  Analyzing evaluation results.
Removed 0 multiplexer ports.
<suppressed ~4 debug messages>

2.7.7.11. Executing OPT_REDUCE pass (consolidate $*mux and $reduce_* inputs).
  Optimizing cells in module \top.
Performed a total of 0 changes.

2.7.7.12. Executing OPT_MERGE pass (detect identical cells).
Finding identical cells in module `\top'.
<suppressed ~12 debug messages>
Removed a total of 4 cells.

2.7.7.13. Executing OPT_DFF pass (perform DFF optimizations).

2.7.7.14. Executing OPT_CLEAN pass (remove unused cells and wires).
Finding unused cells or wires in module \top..
Removed 0 unused cells and 4 unused wires.
<suppressed ~1 debug messages>

2.7.7.15. Executing OPT_EXPR pass (perform const folding).
Optimizing module top.

2.7.7.16. Rerunning OPT passes. (Maybe there is more to do..)

2.7.7.17. Executing OPT_MUXTREE pass (detect dead branches in mux trees).
Running muxtree optimizer on module \top..
  Creating internal representation of mux trees.
  Evaluating internal representation of mux trees.
  Analyzing evaluation results.
Removed 0 multiplexer ports.
<suppressed ~4 debug messages>

2.7.7.18. Executing OPT_REDUCE pass (consolidate $*mux and $reduce_* inputs).
  Optimizing cells in module \top.
Performed a total of 0 changes.

2.7.7.19. Executing OPT_MERGE pass (detect identical cells).
Finding identical cells in module `\top'.
Removed a total of 0 cells.

2.7.7.20. Executing OPT_DFF pass (perform DFF optimizations).

2.7.7.21. Executing OPT_CLEAN pass (remove unused cells and wires).
Finding unused cells or wires in module \top..

2.7.7.22. Executing OPT_EXPR pass (perform const folding).
Optimizing module top.

2.7.7.23. Finished OPT passes. (There is nothing left to do.)

2.7.8. Executing WREDUCE pass (reducing word size of cells).
Removed top 1 bits (of 4) from port B of cell top.$eq$../design/top.sv:138$9 ($eq).
Removed top 1 bits (of 4) from port B of cell top.$eq$../design/top.sv:177$16 ($eq).
Removed top 1 bits (of 4) from port B of cell top.$eq$../design/top.sv:213$23 ($eq).
Removed top 1 bits (of 4) from port B of cell top.$eq$../design/top.sv:249$30 ($eq).

2.7.9. Executing PEEPOPT pass (run peephole optimizers).

2.7.10. Executing OPT_CLEAN pass (remove unused cells and wires).
Finding unused cells or wires in module \top..

2.7.11. Executing ALUMACC pass (create $alu and $macc cells).
Extracting $alu and $macc cells in module top:
  creating $macc model for $add$../design/top.sv:157$14 ($add).
  creating $macc model for $add$../design/top.sv:193$21 ($add).
  creating $macc model for $add$../design/top.sv:229$28 ($add).
  creating $macc model for $add$../design/top.sv:265$35 ($add).
  creating $macc model for $add$../design/top.sv:58$4 ($add).
  creating $alu model for $macc $add$../design/top.sv:58$4.
  creating $alu model for $macc $add$../design/top.sv:265$35.
  creating $alu model for $macc $add$../design/top.sv:229$28.
  creating $alu model for $macc $add$../design/top.sv:193$21.
  creating $alu model for $macc $add$../design/top.sv:157$14.
  creating $alu cell for $add$../design/top.sv:157$14: $auto$alumacc.cc:485:replace_alu$712
  creating $alu cell for $add$../design/top.sv:193$21: $auto$alumacc.cc:485:replace_alu$715
  creating $alu cell for $add$../design/top.sv:229$28: $auto$alumacc.cc:485:replace_alu$718
  creating $alu cell for $add$../design/top.sv:265$35: $auto$alumacc.cc:485:replace_alu$721
  creating $alu cell for $add$../design/top.sv:58$4: $auto$alumacc.cc:485:replace_alu$724
  created 5 $alu and 0 $macc cells.

2.7.12. Executing SHARE pass (SAT-based resource sharing).

2.7.13. Executing OPT pass (performing simple optimizations).

2.7.13.1. Executing OPT_EXPR pass (perform const folding).
Optimizing module top.

2.7.13.2. Executing OPT_MERGE pass (detect identical cells).
Finding identical cells in module `\top'.
Removed a total of 0 cells.

2.7.13.3. Executing OPT_MUXTREE pass (detect dead branches in mux trees).
Running muxtree optimizer on module \top..
  Creating internal representation of mux trees.
  Evaluating internal representation of mux trees.
  Analyzing evaluation results.
Removed 0 multiplexer ports.
<suppressed ~4 debug messages>

2.7.13.4. Executing OPT_REDUCE pass (consolidate $*mux and $reduce_* inputs).
  Optimizing cells in module \top.
Performed a total of 0 changes.

2.7.13.5. Executing OPT_MERGE pass (detect identical cells).
Finding identical cells in module `\top'.
Removed a total of 0 cells.

2.7.13.6. Executing OPT_DFF pass (perform DFF optimizations).

2.7.13.7. Executing OPT_CLEAN pass (remove unused cells and wires).
Finding unused cells or wires in module \top..

2.7.13.8. Executing OPT_EXPR pass (perform const folding).
Optimizing module top.

2.7.13.9. Finished OPT passes. (There is nothing left to do.)

2.7.14. Executing MEMORY pass.

2.7.14.1. Executing OPT_MEM pass (optimize memories).
Performed a total of 0 transformations.

2.7.14.2. Executing OPT_MEM_PRIORITY pass (removing unnecessary memory write priority relations).
Performed a total of 0 transformations.

2.7.14.3. Executing OPT_MEM_FEEDBACK pass (finding memory read-to-write feedback paths).

2.7.14.4. Executing MEMORY_BMUX2ROM pass (converting muxes to ROMs).

2.7.14.5. Executing MEMORY_DFF pass (merging $dff cells to $memrd).

2.7.14.6. Executing OPT_CLEAN pass (remove unused cells and wires).
Finding unused cells or wires in module \top..

2.7.14.7. Executing MEMORY_SHARE pass (consolidating $memrd/$memwr cells).

2.7.14.8. Executing OPT_MEM_WIDEN pass (optimize memories where all ports are wide).
Performed a total of 0 transformations.

2.7.14.9. Executing OPT_CLEAN pass (remove unused cells and wires).
Finding unused cells or wires in module \top..

2.7.14.10. Executing MEMORY_COLLECT pass (generating $mem cells).

2.7.15. Executing OPT_CLEAN pass (remove unused cells and wires).
Finding unused cells or wires in module \top..

2.8. Executing MEMORY_LIBMAP pass (mapping memories to cells).

2.9. Executing TECHMAP pass (map to technology primitives).

2.9.1. Executing Verilog-2005 frontend: c:\Users\steph\DOWNLO~1\OSS-CA~1\bin\../share/yosys/gowin/lutrams_map.v
Parsing Verilog input from `c:\Users\steph\DOWNLO~1\OSS-CA~1\bin\../share/yosys/gowin/lutrams_map.v' to AST representation.
Generating RTLIL representation for module `\$__GOWIN_LUTRAM_'.
Successfully finished Verilog frontend.

2.9.2. Executing Verilog-2005 frontend: c:\Users\steph\DOWNLO~1\OSS-CA~1\bin\../share/yosys/gowin/brams_map.v
Parsing Verilog input from `c:\Users\steph\DOWNLO~1\OSS-CA~1\bin\../share/yosys/gowin/brams_map.v' to AST representation.
Generating RTLIL representation for module `\$__GOWIN_SP_'.
Generating RTLIL representation for module `\$__GOWIN_DP_'.
Generating RTLIL representation for module `\$__GOWIN_SDP_'.
Successfully finished Verilog frontend.

2.9.3. Continuing TECHMAP pass.
No more expansions possible.
<suppressed ~6 debug messages>

2.10. Executing OPT pass (performing simple optimizations).

2.10.1. Executing OPT_EXPR pass (perform const folding).
Optimizing module top.

2.10.2. Executing OPT_MERGE pass (detect identical cells).
Finding identical cells in module `\top'.
Removed a total of 0 cells.

2.10.3. Executing OPT_DFF pass (perform DFF optimizations).

2.10.4. Executing OPT_CLEAN pass (remove unused cells and wires).
Finding unused cells or wires in module \top..

2.10.5. Finished fast OPT passes.

2.11. Executing MEMORY_MAP pass (converting memories to logic and flip-flops).

2.12. Executing OPT pass (performing simple optimizations).

2.12.1. Executing OPT_EXPR pass (perform const folding).
Optimizing module top.

2.12.2. Executing OPT_MERGE pass (detect identical cells).
Finding identical cells in module `\top'.
Removed a total of 0 cells.

2.12.3. Executing OPT_MUXTREE pass (detect dead branches in mux trees).
Running muxtree optimizer on module \top..
  Creating internal representation of mux trees.
  Evaluating internal representation of mux trees.
  Analyzing evaluation results.
Removed 0 multiplexer ports.
<suppressed ~4 debug messages>

2.12.4. Executing OPT_REDUCE pass (consolidate $*mux and $reduce_* inputs).
  Optimizing cells in module \top.
Performed a total of 0 changes.

2.12.5. Executing OPT_MERGE pass (detect identical cells).
Finding identical cells in module `\top'.
Removed a total of 0 cells.

2.12.6. Executing OPT_DFF pass (perform DFF optimizations).

2.12.7. Executing OPT_CLEAN pass (remove unused cells and wires).
Finding unused cells or wires in module \top..

2.12.8. Executing OPT_EXPR pass (perform const folding).
Optimizing module top.

2.12.9. Finished OPT passes. (There is nothing left to do.)

2.13. Executing TECHMAP pass (map to technology primitives).

2.13.1. Executing Verilog-2005 frontend: c:\Users\steph\DOWNLO~1\OSS-CA~1\bin\../share/yosys/techmap.v
Parsing Verilog input from `c:\Users\steph\DOWNLO~1\OSS-CA~1\bin\../share/yosys/techmap.v' to AST representation.
Generating RTLIL representation for module `\_90_simplemap_bool_ops'.
Generating RTLIL representation for module `\_90_simplemap_reduce_ops'.
Generating RTLIL representation for module `\_90_simplemap_logic_ops'.
Generating RTLIL representation for module `\_90_simplemap_compare_ops'.
Generating RTLIL representation for module `\_90_simplemap_various'.
Generating RTLIL representation for module `\_90_simplemap_registers'.
Generating RTLIL representation for module `\_90_shift_ops_shr_shl_sshl_sshr'.
Generating RTLIL representation for module `\_90_shift_shiftx'.
Generating RTLIL representation for module `\_90_fa'.
Generating RTLIL representation for module `\_90_lcu'.
Generating RTLIL representation for module `\_90_alu'.
Generating RTLIL representation for module `\_90_macc'.
Generating RTLIL representation for module `\_90_alumacc'.
Generating RTLIL representation for module `\$__div_mod_u'.
Generating RTLIL representation for module `\$__div_mod_trunc'.
Generating RTLIL representation for module `\_90_div'.
Generating RTLIL representation for module `\_90_mod'.
Generating RTLIL representation for module `\$__div_mod_floor'.
Generating RTLIL representation for module `\_90_divfloor'.
Generating RTLIL representation for module `\_90_modfloor'.
Generating RTLIL representation for module `\_90_pow'.
Generating RTLIL representation for module `\_90_pmux'.
Generating RTLIL representation for module `\_90_demux'.
Generating RTLIL representation for module `\_90_lut'.
Successfully finished Verilog frontend.

2.13.2. Executing Verilog-2005 frontend: c:\Users\steph\DOWNLO~1\OSS-CA~1\bin\../share/yosys/gowin/arith_map.v
Parsing Verilog input from `c:\Users\steph\DOWNLO~1\OSS-CA~1\bin\../share/yosys/gowin/arith_map.v' to AST representation.
Generating RTLIL representation for module `\_80_gw1n_alu'.
Successfully finished Verilog frontend.

2.13.3. Continuing TECHMAP pass.
Using extmapper simplemap for cells of type $eq.
Using extmapper simplemap for cells of type $not.
Using extmapper simplemap for cells of type $logic_and.
Using template $paramod$32a7b7b86c07519b7537abc18e96f0331f97914d\_80_gw1n_alu for cells of type $alu.
Using extmapper simplemap for cells of type $reduce_and.
Using template $paramod$3b7577489eb4433b1d5620cab7f3794743dee5ea\_80_gw1n_alu for cells of type $alu.
Using extmapper simplemap for cells of type $and.
Using extmapper simplemap for cells of type $sdffe.
Using extmapper simplemap for cells of type $or.
Using extmapper simplemap for cells of type $sdff.
Using extmapper simplemap for cells of type $mux.
Using extmapper simplemap for cells of type $dff.
Using extmapper simplemap for cells of type $xor.
Using extmapper simplemap for cells of type $pos.
No more expansions possible.
<suppressed ~274 debug messages>

2.14. Executing OPT pass (performing simple optimizations).

2.14.1. Executing OPT_EXPR pass (perform const folding).
Optimizing module top.
<suppressed ~160 debug messages>

2.14.2. Executing OPT_MERGE pass (detect identical cells).
Finding identical cells in module `\top'.
<suppressed ~27 debug messages>
Removed a total of 9 cells.

2.14.3. Executing OPT_DFF pass (perform DFF optimizations).

2.14.4. Executing OPT_CLEAN pass (remove unused cells and wires).
Finding unused cells or wires in module \top..
Removed 4 unused cells and 137 unused wires.
<suppressed ~5 debug messages>

2.14.5. Finished fast OPT passes.

2.15. Executing IOPADMAP pass (mapping inputs/outputs to IO-PAD cells).
Mapping port top.btn1 using IBUF.
Mapping port top.btn2 using IBUF.
Mapping port top.clk using IBUF.
Mapping port top.col1 using IBUF.
Mapping port top.col2 using IBUF.
Mapping port top.col3 using IBUF.
Mapping port top.col4 using IBUF.
Mapping port top.fila1 using OBUF.
Mapping port top.led using OBUF.
Mapping port top.seg using OBUF.

2.16. Executing OPT_CLEAN pass (remove unused cells and wires).
Finding unused cells or wires in module \top..
Removed 0 unused cells and 1 unused wires.
<suppressed ~1 debug messages>

2.17. Executing DFFLEGALIZE pass (convert FFs to types supported by the target).

2.18. Executing TECHMAP pass (map to technology primitives).

2.18.1. Executing Verilog-2005 frontend: c:\Users\steph\DOWNLO~1\OSS-CA~1\bin\../share/yosys/gowin/cells_map.v
Parsing Verilog input from `c:\Users\steph\DOWNLO~1\OSS-CA~1\bin\../share/yosys/gowin/cells_map.v' to AST representation.
Generating RTLIL representation for module `\$_DFF_N_'.
Generating RTLIL representation for module `\$_DFF_P_'.
Generating RTLIL representation for module `\$_DFFE_PP_'.
Generating RTLIL representation for module `\$_DFFE_NP_'.
Generating RTLIL representation for module `\$_SDFF_PP0_'.
Generating RTLIL representation for module `\$_SDFF_NP0_'.
Generating RTLIL representation for module `\$_SDFFE_PP0P_'.
Generating RTLIL representation for module `\$_SDFFE_NP0P_'.
Generating RTLIL representation for module `\$_SDFF_PP1_'.
Generating RTLIL representation for module `\$_SDFF_NP1_'.
Generating RTLIL representation for module `\$_SDFFE_PP1P_'.
Generating RTLIL representation for module `\$_SDFFE_NP1P_'.
Generating RTLIL representation for module `\$_DFF_PP1_'.
Generating RTLIL representation for module `\$_DFF_NP1_'.
Generating RTLIL representation for module `\$_DFF_PP0_'.
Generating RTLIL representation for module `\$_DFF_NP0_'.
Generating RTLIL representation for module `\$_DFFE_PP1P_'.
Generating RTLIL representation for module `\$_DFFE_NP1P_'.
Generating RTLIL representation for module `\$_DFFE_PP0P_'.
Generating RTLIL representation for module `\$_DFFE_NP0P_'.
Generating RTLIL representation for module `\$lut'.
Successfully finished Verilog frontend.

2.18.2. Continuing TECHMAP pass.
Using template \$_SDFF_PP0_ for cells of type $_SDFF_PP0_.
Using template \$_DFF_P_ for cells of type $_DFF_P_.
Using template \$_SDFFE_PP0P_ for cells of type $_SDFFE_PP0P_.
No more expansions possible.
<suppressed ~71 debug messages>

2.19. Executing OPT_EXPR pass (perform const folding).
Optimizing module top.

2.20. Executing SIMPLEMAP pass (map simple cells to gate primitives).

2.21. Executing ABC pass (technology mapping using ABC).

2.21.1. Extracting gate netlist of module `\top' to `<abc-temp-dir>/input.blif'..
Extracted 229 gates and 292 wires to a netlist network with 62 inputs and 93 outputs.

2.21.1.1. Executing ABC.
Running ABC command: "<yosys-exe-dir>/yosys-abc" -s -f <abc-temp-dir>/abc.script 2>&1
ABC: ABC command line: "source <abc-temp-dir>/abc.script".
ABC: 
ABC: + read_blif <abc-temp-dir>/input.blif 
ABC: + read_lut <abc-temp-dir>/lutdefs.txt 
ABC: + strash 
ABC: + &get -n 
ABC: + &fraig -x 
ABC: + &put 
ABC: + scorr 
ABC: Warning: The network is combinational (run "fraig" or "fraig_sweep").
ABC: + dc2 
ABC: + dretime 
ABC: + strash 
ABC: + dch -f 
ABC: + if 
ABC: + mfs2 
ABC: + write_blif <abc-temp-dir>/output.blif 

2.21.1.2. Re-integrating ABC results.
ABC RESULTS:              $lut cells:      109
ABC RESULTS:        internal signals:      137
ABC RESULTS:           input signals:       62
ABC RESULTS:          output signals:       93
Removing temp directory.
Removed 0 unused cells and 499 unused wires.

2.22. Executing TECHMAP pass (map to technology primitives).

2.22.1. Executing Verilog-2005 frontend: c:\Users\steph\DOWNLO~1\OSS-CA~1\bin\../share/yosys/gowin/cells_map.v
Parsing Verilog input from `c:\Users\steph\DOWNLO~1\OSS-CA~1\bin\../share/yosys/gowin/cells_map.v' to AST representation.
Generating RTLIL representation for module `\$_DFF_N_'.
Generating RTLIL representation for module `\$_DFF_P_'.
Generating RTLIL representation for module `\$_DFFE_PP_'.
Generating RTLIL representation for module `\$_DFFE_NP_'.
Generating RTLIL representation for module `\$_SDFF_PP0_'.
Generating RTLIL representation for module `\$_SDFF_NP0_'.
Generating RTLIL representation for module `\$_SDFFE_PP0P_'.
Generating RTLIL representation for module `\$_SDFFE_NP0P_'.
Generating RTLIL representation for module `\$_SDFF_PP1_'.
Generating RTLIL representation for module `\$_SDFF_NP1_'.
Generating RTLIL representation for module `\$_SDFFE_PP1P_'.
Generating RTLIL representation for module `\$_SDFFE_NP1P_'.
Generating RTLIL representation for module `\$_DFF_PP1_'.
Generating RTLIL representation for module `\$_DFF_NP1_'.
Generating RTLIL representation for module `\$_DFF_PP0_'.
Generating RTLIL representation for module `\$_DFF_NP0_'.
Generating RTLIL representation for module `\$_DFFE_PP1P_'.
Generating RTLIL representation for module `\$_DFFE_NP1P_'.
Generating RTLIL representation for module `\$_DFFE_PP0P_'.
Generating RTLIL representation for module `\$_DFFE_NP0P_'.
Generating RTLIL representation for module `\$lut'.
Successfully finished Verilog frontend.

2.22.2. Continuing TECHMAP pass.
Using template $paramod\$lut\WIDTH=32'00000000000000000000000000000001\LUT=2'01 for cells of type $lut.
Using template $paramod$272652f6c6fbe9a75eff76e45cc7e2788835518b\$lut for cells of type $lut.
Using template $paramod\$lut\WIDTH=32'00000000000000000000000000000011\LUT=8'00000001 for cells of type $lut.
Using template $paramod$571404c0889eaf57f492cb5e37f8acb5df5852f9\$lut for cells of type $lut.
Using template $paramod$b048c6f10e8a1d9e814b42d5f30a3628454eac16\$lut for cells of type $lut.
Using template $paramod$60706ec56213e162b2b50cb37832db0ce0a86ab7\$lut for cells of type $lut.
Using template $paramod$eb95d6a58038b5eb68f87b4f604db414879e7bb1\$lut for cells of type $lut.
Using template $paramod$4b4b0d164889d1f0429c06b8785349a50e11c667\$lut for cells of type $lut.
Using template $paramod$f9333290b738a242cb30b0de8879c5396e3e6451\$lut for cells of type $lut.
Using template $paramod$12876a77a23933587641472d85bdc8e7478ad1c0\$lut for cells of type $lut.
Using template $paramod$54950a3f3469fd7f74132771f3809ee16e9ca6e7\$lut for cells of type $lut.
Using template $paramod\$lut\WIDTH=32'00000000000000000000000000000010\LUT=4'1001 for cells of type $lut.
Using template $paramod$6d6beead1425af15cf78b27fd9b11b41b5d4bce8\$lut for cells of type $lut.
Using template $paramod\$lut\WIDTH=32'00000000000000000000000000000011\LUT=8'00010000 for cells of type $lut.
Using template $paramod$a8b2b0f3a3fd7b01c99e8d61bb72f602bd41af54\$lut for cells of type $lut.
Using template $paramod$33e58adf67c6b686a154c9ce8ebbc4b04b8cabc5\$lut for cells of type $lut.
Using template $paramod$f8649aa3ebb5c91ab2ecc671db8d44ac3189e887\$lut for cells of type $lut.
Using template $paramod$251994398653c4cf8de320f1e306e535d5d2d624\$lut for cells of type $lut.
Using template $paramod$a7dad16c080c08c1647c7e1b9706a59a123d8bcd\$lut for cells of type $lut.
Using template $paramod\$lut\WIDTH=32'00000000000000000000000000000010\LUT=4'0100 for cells of type $lut.
Using template $paramod$626707b1a4b9e7bd2355faaa37fa9ff185e19277\$lut for cells of type $lut.
Using template $paramod$9664483609d9e726df9697364de1aad825ad3979\$lut for cells of type $lut.
Using template $paramod$4f56567ce7fac66fc486d3c0343440d0d7f99d85\$lut for cells of type $lut.
Using template $paramod$bf0d0292861bdee659ef5cbc5e58b330ac5871f9\$lut for cells of type $lut.
No more expansions possible.
<suppressed ~494 debug messages>

2.23. Executing OPT_LUT_INS pass (discard unused LUT inputs).
Optimizing LUTs in top.
  Optimizing lut $abc$1619$auto$blifparse.cc:525:parse_blif$1631.genblk1.genblk1.genblk1.genblk1.genblk1.genblk1.lut1.genblk1.genblk1.genblk1.genblk1.genblk1.lut0 (4 -> 0)
  Optimizing lut $abc$1619$auto$blifparse.cc:525:parse_blif$1642.genblk1.genblk1.genblk1.genblk1.genblk1.genblk1.lut0.genblk1.genblk1.genblk1.genblk1.genblk1.lut1 (4 -> 0)
  Optimizing lut $abc$1619$auto$blifparse.cc:525:parse_blif$1628.genblk1.genblk1.genblk1.genblk1.genblk1.genblk1.lut1.genblk1.genblk1.genblk1.genblk1.genblk1.lut0 (4 -> 0)
  Optimizing lut $abc$1619$auto$blifparse.cc:525:parse_blif$1631.genblk1.genblk1.genblk1.genblk1.genblk1.genblk1.lut0.genblk1.genblk1.genblk1.genblk1.genblk1.lut0 (4 -> 0)
  Optimizing lut $abc$1619$auto$blifparse.cc:525:parse_blif$1634.genblk1.genblk1.genblk1.genblk1.genblk1.genblk1.lut0.genblk1.genblk1.genblk1.genblk1.genblk1.lut0 (4 -> 0)
  Optimizing lut $abc$1619$auto$blifparse.cc:525:parse_blif$1626.genblk1.genblk1.genblk1.genblk1.genblk1.genblk1.lut0.genblk1.genblk1.genblk1.genblk1.genblk1.lut0 (4 -> 0)
  Optimizing lut $abc$1619$auto$blifparse.cc:525:parse_blif$1626.genblk1.genblk1.genblk1.genblk1.genblk1.genblk1.lut1.genblk1.genblk1.genblk1.genblk1.genblk1.lut0 (4 -> 0)
  Optimizing lut $abc$1619$auto$blifparse.cc:525:parse_blif$1642.genblk1.genblk1.genblk1.genblk1.genblk1.genblk1.lut1.genblk1.genblk1.genblk1.genblk1.genblk1.lut0 (4 -> 0)
  Optimizing lut $abc$1619$auto$blifparse.cc:525:parse_blif$1640.genblk1.genblk1.genblk1.genblk1.genblk1.genblk1.lut0.genblk1.genblk1.genblk1.genblk1.genblk1.lut1 (4 -> 0)
  Optimizing lut $abc$1619$auto$blifparse.cc:525:parse_blif$1642.genblk1.genblk1.genblk1.genblk1.genblk1.genblk1.lut0.genblk1.genblk1.genblk1.genblk1.genblk1.lut0 (4 -> 0)
  Optimizing lut $abc$1619$auto$blifparse.cc:525:parse_blif$1637.genblk1.genblk1.genblk1.genblk1.genblk1.lut0 (4 -> 0)
  Optimizing lut $abc$1619$auto$blifparse.cc:525:parse_blif$1638.genblk1.genblk1.genblk1.genblk1.genblk1.genblk1.lut1.genblk1.genblk1.genblk1.genblk1.genblk1.lut0 (4 -> 0)
  Optimizing lut $abc$1619$auto$blifparse.cc:525:parse_blif$1634.genblk1.genblk1.genblk1.genblk1.genblk1.genblk1.lut0.genblk1.genblk1.genblk1.genblk1.genblk1.lut1 (4 -> 0)
  Optimizing lut $abc$1619$auto$blifparse.cc:525:parse_blif$1640.genblk1.genblk1.genblk1.genblk1.genblk1.genblk1.lut0.genblk1.genblk1.genblk1.genblk1.genblk1.lut0 (4 -> 0)
  Optimizing lut $abc$1619$auto$blifparse.cc:525:parse_blif$1626.genblk1.genblk1.genblk1.genblk1.genblk1.genblk1.lut0.genblk1.genblk1.genblk1.genblk1.genblk1.lut1 (4 -> 0)
  Optimizing lut $abc$1619$auto$blifparse.cc:525:parse_blif$1625.genblk1.genblk1.genblk1.genblk1.genblk1.genblk1.lut0.genblk1.genblk1.genblk1.genblk1.genblk1.lut0 (4 -> 0)
  Optimizing lut $abc$1619$auto$blifparse.cc:525:parse_blif$1628.genblk1.genblk1.genblk1.genblk1.genblk1.genblk1.lut0.genblk1.genblk1.genblk1.genblk1.genblk1.lut1 (4 -> 0)
  Optimizing lut $abc$1619$auto$blifparse.cc:525:parse_blif$1625.genblk1.genblk1.genblk1.genblk1.genblk1.genblk1.lut0.genblk1.genblk1.genblk1.genblk1.genblk1.lut1 (4 -> 0)
  Optimizing lut $abc$1619$auto$blifparse.cc:525:parse_blif$1634.genblk1.genblk1.genblk1.genblk1.genblk1.genblk1.lut1.genblk1.genblk1.genblk1.genblk1.genblk1.lut0 (4 -> 0)
  Optimizing lut $abc$1619$auto$blifparse.cc:525:parse_blif$1631.genblk1.genblk1.genblk1.genblk1.genblk1.genblk1.lut0.genblk1.genblk1.genblk1.genblk1.genblk1.lut1 (4 -> 0)
  Optimizing lut $abc$1619$auto$blifparse.cc:525:parse_blif$1625.genblk1.genblk1.genblk1.genblk1.genblk1.genblk1.lut1.genblk1.genblk1.genblk1.genblk1.genblk1.lut0 (4 -> 0)
  Optimizing lut $abc$1619$auto$blifparse.cc:525:parse_blif$1628.genblk1.genblk1.genblk1.genblk1.genblk1.genblk1.lut0.genblk1.genblk1.genblk1.genblk1.genblk1.lut0 (4 -> 0)
  Optimizing lut $abc$1619$auto$blifparse.cc:525:parse_blif$1638.genblk1.genblk1.genblk1.genblk1.genblk1.genblk1.lut0.genblk1.genblk1.genblk1.genblk1.genblk1.lut1 (4 -> 0)
  Optimizing lut $abc$1619$auto$blifparse.cc:525:parse_blif$1638.genblk1.genblk1.genblk1.genblk1.genblk1.genblk1.lut0.genblk1.genblk1.genblk1.genblk1.genblk1.lut0 (4 -> 0)
  Optimizing lut $abc$1619$auto$blifparse.cc:525:parse_blif$1640.genblk1.genblk1.genblk1.genblk1.genblk1.genblk1.lut1.genblk1.genblk1.genblk1.genblk1.genblk1.lut0 (4 -> 0)

2.24. Executing SETUNDEF pass (replace undef values with defined constants).

2.25. Executing HILOMAP pass (mapping to constant drivers).
Removed 0 unused cells and 327 unused wires.

2.26. Executing AUTONAME pass.
Renamed 1858 objects in module top (24 iterations).
<suppressed ~435 debug messages>

2.27. Executing HIERARCHY pass (managing design hierarchy).

2.27.1. Analyzing design hierarchy..
Top module:  \top

2.27.2. Analyzing design hierarchy..
Top module:  \top
Removed 0 unused modules.

2.28. Printing statistics.

=== top ===

   Number of wires:                198
   Number of wire bits:            363
   Number of public wires:         198
   Number of public wire bits:     363
   Number of memories:               0
   Number of memory bits:            0
   Number of processes:              0
   Number of cells:                261
     ALU                            31
     DFF                             8
     DFFR                           15
     DFFRE                          25
     GND                             1
     IBUF                            7
     LUT1                           56
     LUT2                            4
     LUT3                           16
     LUT4                           58
     MUX2_LUT5                      17
     MUX2_LUT6                       8
     OBUF                           14
     VCC                             1

2.29. Executing CHECK pass (checking for obvious problems).
Checking module top...
Found and reported 0 problems.

2.30. Executing JSON backend.

End of script. Logfile hash: c6fd9a3b3c
Yosys 0.26+1 (git sha1 b1a011138, x86_64-w64-mingw32-g++ 9.2.1 -Os)
Time spent: 1% 17x opt_expr (0 sec), 1% 16x opt_clean (0 sec), ...
